// Jest Snapshot v1, https://goo.gl/fbAQLP

exports[`DataTable.TableContainer should render 1`] = `
<TableContainer
  className="custom-class"
>
  <div
    className="custom-class bx--data-table-v2-container"
  />
</TableContainer>
`;
