// Jest Snapshot v1, https://goo.gl/fbAQLP

exports[`DataTable.TableSelectAll should render 1`] = `
<Table>
  <table
    className="bx--data-table-v2 bx--data-table-v2--zebra"
  >
    <TableHead>
      <thead>
        <TableRow>
          <tr>
            <TableSelectAll
              ariaLabel="Select all rows in the table"
              checked={false}
              className="custom-class-name"
              id="id"
              name="select-all"
              onSelect={[MockFunction]}
            >
              <th
                scope="col"
              >
                <InlineCheckbox
                  ariaLabel="Select all rows in the table"
                  checked={false}
                  id="id"
                  name="select-all"
                  onClick={[MockFunction]}
                >
                  <input
                    checked={false}
                    className="bx--checkbox"
                    id="id"
                    name="select-all"
                    onClick={[MockFunction]}
                    type="checkbox"
                  />
                  <label
                    aria-label="Select all rows in the table"
                    className="bx--checkbox-label"
                    htmlFor="id"
                  />
                </InlineCheckbox>
              </th>
            </TableSelectAll>
          </tr>
        </TableRow>
      </thead>
    </TableHead>
  </table>
</Table>
`;
