// Jest Snapshot v1, https://goo.gl/fbAQLP

exports[`DataTable.TableToolbarAction should render 1`] = `
<TableToolbarAction
  className="custom-class"
  iconDescription="Add"
  iconName="add--solid"
>
  <button
    className="custom-class bx--toolbar-action"
  >
    <Icon
      className="bx--toolbar-action__icon"
      description="Add"
      fillRule="evenodd"
      name="add--solid"
      role="img"
    >
      <svg
        alt="Add"
        aria-label="Add"
        className="bx--toolbar-action__icon"
        fillRule="evenodd"
        height="16"
        name="add--solid"
        role="img"
        viewBox="0 0 16 16"
        width="16"
      >
        <title>
          Add
        </title>
        <path
          d="M7 7H4v2h3v3h2V9h3V7H9V4H7v3zm1 9A8 8 0 1 1 8 0a8 8 0 0 1 0 16z"
          key="key0"
        />
      </svg>
    </Icon>
  </button>
</TableToolbarAction>
`;
