// Jest Snapshot v1, https://goo.gl/fbAQLP

exports[`DataTable.Table should render 1`] = `
<Table
  className="custom-class"
>
  <table
    className="bx--data-table-v2 bx--data-table-v2--zebra custom-class"
  />
</Table>
`;
