// Jest Snapshot v1, https://goo.gl/fbAQLP

exports[`ModalWrapper should render 1`] = `
<ModalWrapper
  buttonTriggerClassName="btn-trigger"
  buttonTriggerText="Test Modal"
  disabled={false}
  handleSubmit={[MockFunction]}
  id="modal"
  modalHeading="Transactional Modal"
  modalLabel="Test Modal Label"
  onKeyDown={[Function]}
  primaryButtonText="Save"
  secondaryButtonText="Cancel"
  shouldCloseAfterSubmit={true}
  triggerButtonKind="primary"
>
  <div
    onKeyDown={[Function]}
    role="presentation"
  >
    <Button
      className="btn-trigger"
      disabled={false}
      iconDescription="Provide icon description if icon is used"
      kind="primary"
      onClick={[Function]}
      small={false}
      tabIndex={0}
      type="button"
    >
      <button
        className="btn-trigger bx--btn bx--btn--primary"
        disabled={false}
        onClick={[Function]}
        tabIndex={0}
        type="button"
      >
        Test Modal
      </button>
    </Button>
    <Modal
      iconDescription="close the modal"
      id="modal"
      modalHeading="Transactional Modal"
      modalLabel="Test Modal Label"
      onKeyDown={[Function]}
      onRequestClose={[Function]}
      onRequestSubmit={[Function]}
      open={false}
      passiveModal={false}
      primaryButtonDisabled={false}
      primaryButtonText="Save"
      secondaryButtonText="Cancel"
    >
      <div
        className="bx--modal bx--modal-tall"
        id="modal"
        onClick={[Function]}
        onKeyDown={[Function]}
        role="presentation"
        tabIndex={-1}
      >
        <div
          className="bx--modal-container"
          role="dialog"
        >
          <div
            className="bx--modal-header"
          >
            <h4
              className="bx--modal-header__label"
            >
              Test Modal Label
            </h4>
            <h2
              className="bx--modal-header__heading"
            >
              Transactional Modal
            </h2>
            <button
              className="bx--modal-close"
              onClick={[Function]}
              type="button"
            >
              <Icon
                className="bx--modal-close__icon"
                description="close the modal"
                fillRule="evenodd"
                name="close"
                role="img"
              >
                <svg
                  alt="close the modal"
                  aria-label="close the modal"
                  className="bx--modal-close__icon"
                  fillRule="evenodd"
                  height="10"
                  name="close"
                  role="img"
                  viewBox="0 0 10 10"
                  width="10"
                >
                  <title>
                    close the modal
                  </title>
                  <path
                    d="M6.32 5L10 8.68 8.68 10 5 6.32 1.32 10 0 8.68 3.68 5 0 1.32 1.32 0 5 3.68 8.68 0 10 1.32 6.32 5z"
                    key="key0"
                  />
                </svg>
              </Icon>
            </button>
          </div>
          <div
            className="bx--modal-content"
          >
            <p
              className="bx--modal-content__text"
            >
              Text
            </p>
          </div>
          <div
            className="bx--modal-footer"
          >
            <div
              className="bx--modal__buttons-container"
            >
              <Button
                disabled={false}
                iconDescription="Provide icon description if icon is used"
                kind="secondary"
                onClick={[Function]}
                small={false}
                tabIndex={0}
                type="button"
              >
                <button
                  className="bx--btn bx--btn--secondary"
                  disabled={false}
                  onClick={[Function]}
                  tabIndex={0}
                  type="button"
                >
                  Cancel
                </button>
              </Button>
              <Button
                disabled={false}
                iconDescription="Provide icon description if icon is used"
                inputref={
                  Object {
                    "current": <button
                      class="bx--btn bx--btn--primary"
                      inputref="[object Object]"
                      tabindex="0"
                      type="button"
                    >
                      Save
                    </button>,
                  }
                }
                kind="primary"
                onClick={[Function]}
                small={false}
                tabIndex={0}
                type="button"
              >
                <button
                  className="bx--btn bx--btn--primary"
                  disabled={false}
                  inputref={
                    Object {
                      "current": <button
                        class="bx--btn bx--btn--primary"
                        inputref="[object Object]"
                        tabindex="0"
                        type="button"
                      >
                        Save
                      </button>,
                    }
                  }
                  onClick={[Function]}
                  tabIndex={0}
                  type="button"
                >
                  Save
                </button>
              </Button>
            </div>
          </div>
        </div>
      </div>
    </Modal>
  </div>
</ModalWrapper>
`;
